Microchip MPLAB XC8 Compiler V2.36

Linker command line:

-W-3 --edf=C:\Program Files\Microchip\xc8\v2.36\pic\dat\en_msgs.txt -cn \
  -h+dist/default/production\RoboticArm.production.sym \
  --cmf=dist/default/production\RoboticArm.production.cmf -z -Q16F648A \
  -oC:\Users\GUILHE~1\AppData\Local\Temp\xcAshp8.4 --defsym=__MPLAB_BUILD=1 \
  -Mdist/default/production/RoboticArm.production.map \
  --md=C:\Users\GUILHE~1\AppData\Local\Temp\xcAshp8.dat -E1 \
  -ver=XC8 Compiler --acfsm=1493 -ACODE=00h-07FFhx2 -ASTRCODE=00h-0FFFh \
  -ASTRING=00h-0FFhx16 -ACONST=00h-0FFhx16 -AENTRY=00h-0FFhx16 \
  -ACOMMON=070h-07Fh -ABANK0=020h-06Fh -ABANK1=0A0h-0EFh \
  -ABANK2=0120h-016Fh -ARAM=020h-06Fh,0A0h-0EFh,0120h-016Fh \
  -AABS1=020h-07Fh,0A0h-0EFh,0120h-016Fh -ASFR0=00h-01Fh -ASFR1=080h-09Fh \
  -ASFR2=0100h-011Fh -ASFR3=0180h-01EFh -ACONFIG=02007h-02007h -DCONFIG=2 \
  -AIDLOC=02000h-02003h -DIDLOC=2 -AEEDATA=00h-0FFh/02100h \
  -peeprom_data=EEDATA -DEEDATA=2 -DCODE=2 -DSTRCODE=2 -DSTRING=2 -DCONST=2 \
  -DENTRY=2 -preset_vec=00h,intentry,init,end_init -ppowerup=CODE \
  -pcinit=CODE -pfunctab=ENTRY -k \
  C:\Users\GUILHE~1\AppData\Local\Temp\xcAshp8.o \
  dist/default/production\RoboticArm.production.o 

Object code version is 3.11

Machine type is 16F648A



                Name                               Link     Load   Length Selector   Space Scale
C:\Users\GUILHE~1\AppData\Local\Temp\xcAshp8.o
                end_init                              0        0        2        0       0
                config                             2007     2007        1        0       4
                idloc                              2000     2000        4        0       5
dist/default/production\RoboticArm.production.o
                cinit                               7E6      7E6       1A      FCC       0
                config                             2007     2007        1        0       4
                idloc                              2000     2000        4        0       5
                text17                              2D2      2D2        6      5A4       0
                text16                              2D8      2D8        8      5B0       0
                text15                              3FB      3FB       3F      7F6       0
                text14                              2E0      2E0        C      5C0       0
                text13                              2FE      2FE       1F      5FC       0
                text12                              6CA      6CA      11C      D94       0
                text11                              486      486       51      90C       0
                text10                              33D      33D       25      67A       0
                text9                               2EC      2EC       12      5D8       0
                text8                               43A      43A       4C      874       0
                text7                               387      387       36      70E       0
                text6                               31D      31D       20      63A       0
                text5                               599      599       66      B32       0
                text4                               5FF      5FF       CB      BFE       0
                text3                               362      362       25      6C4       0
                text2                               4D7      4D7       5F      9AE       0
                text1                               3BD      3BD       3E      77A       0
                maintext                            536      536       63      A6C       0
                cstackBANK0                          20       20       21       20       1
                cstackCOMMON                         70       70        E       70       1
                dataBANK0                            48       48        4       20       1
                bssBANK0                             41       41        7       20       1
                strings                               2        2       21        4       0
                idataBANK0                          2CE      2CE        4      59C       0

TOTAL           Name                               Link     Load   Length     Space
        CLASS   CODE           
                end_init                              0        0        2         0
                cinit                               7E6      7E6       1A         0
                text17                              2D2      2D2        6         0
                text16                              2D8      2D8        8         0
                text15                              3FB      3FB       3F         0
                text14                              2E0      2E0        C         0
                text13                              2FE      2FE       1F         0
                text12                              6CA      6CA      11C         0
                text11                              486      486       51         0
                text10                              33D      33D       25         0
                text9                               2EC      2EC       12         0
                text8                               43A      43A       4C         0
                text7                               387      387       36         0
                text6                               31D      31D       20         0
                text5                               599      599       66         0
                text4                               5FF      5FF       CB         0
                text3                               362      362       25         0
                text2                               4D7      4D7       5F         0
                text1                               3BD      3BD       3E         0
                maintext                            536      536       63         0
                idataBANK0                          2CE      2CE        4         0

        CLASS   STRCODE        

        CLASS   STRING         
                strings                               2        2       21         0

        CLASS   CONST          

        CLASS   ENTRY          

        CLASS   COMMON         
                cstackCOMMON                         70       70        E         1

        CLASS   BANK0          
                cstackBANK0                          20       20       21         1
                dataBANK0                            48       48        4         1
                bssBANK0                             41       41        7         1

        CLASS   BANK1          

        CLASS   BANK2          

        CLASS   RAM            

        CLASS   ABS1           
                abs_s1                               7E       7E        2         1

        CLASS   SFR0           

        CLASS   SFR1           

        CLASS   SFR2           

        CLASS   SFR3           

        CLASS   CONFIG         
                config                             2007     2007        1         4

        CLASS   IDLOC          
                idloc                              2000     2000        4         5

        CLASS   EEDATA         

        CLASS   BANK3          

        CLASS   STACK          



SEGMENTS        Name                           Load    Length   Top    Selector   Space  Class     Delta

                reset_vec                      000000  000002  000002         0       0  CODE        2
                strings                        000002  000021  000023         4       0  STRING      2
                cstackBANK0                    000020  00002C  00004C        20       1  BANK0       1
                cstackCOMMON                   000070  00000E  00007E        70       1  COMMON      1
                idataBANK0                     0002CE  000004  0002D2       59C       0  CODE        2
                text17                         0002D2  000006  0002D8       5A4       0  CODE        2
                text16                         0002D8  000008  0002E0       5B0       0  CODE        2
                text14                         0002E0  00000C  0002EC       5C0       0  CODE        2
                text9                          0002EC  000012  0002FE       5D8       0  CODE        2
                text13                         0002FE  00001F  00031D       5FC       0  CODE        2
                text6                          00031D  000020  00033D       63A       0  CODE        2
                text10                         00033D  000025  000362       67A       0  CODE        2
                text3                          000362  000025  000387       6C4       0  CODE        2
                text7                          000387  000036  0003BD       70E       0  CODE        2
                text1                          0003BD  00003E  0003FB       77A       0  CODE        2
                text15                         0003FB  00003F  00043A       7F6       0  CODE        2
                text8                          00043A  00004C  000486       874       0  CODE        2
                text11                         000486  000051  0004D7       90C       0  CODE        2
                text2                          0004D7  00005F  000536       9AE       0  CODE        2
                maintext                       000536  000063  000599       A6C       0  CODE        2
                text5                          000599  000066  0005FF       B32       0  CODE        2
                text4                          0005FF  0000CB  0006CA       BFE       0  CODE        2
                text12                         0006CA  00011C  0007E6       D94       0  CODE        2
                cinit                          0007E6  00001A  000800       FCC       0  CODE        2


UNUSED ADDRESS RANGES

        Name                Unused          Largest block    Delta
        BANK0            004C-006F             24           1
        BANK1            00A0-00EF             50           1
        BANK2            0120-016F             50           1
        CODE             0023-02CD            2AB           2
                         0800-0FFF            800
        CONST            0023-02CD            100           2
                         0800-0FFF            100
        EEDATA           2100-21FF            100           2
        ENTRY            0023-02CD            100           2
                         0800-0FFF            100
        RAM              004C-006F             24           1
                         00A0-00EF             50
                         0120-016F             50
        SFR0             0000-001F             20           1
        SFR1             0080-009F             20           1
        SFR2             0100-011F             20           1
        SFR3             0180-01EF             70           1
        STRCODE          0023-02CD            2AB           2
                         0800-0FFF            800
        STRING           0023-02CD            100           2
                         0800-0FFF            100

                                  Symbol Table

?___lldiv                cstackCOMMON 0070
?___wmul                 cstackCOMMON 0070
?_convStr                cstackCOMMON 0076
UART_Init@Baudrate       cstackBANK0  0020
UART_Init@Xbaud          cstackBANK0  0030
UART_Rx_Text@Buffer      cstackCOMMON 0072
UART_Rx_Text@ch          cstackCOMMON 0074
UART_Rx_Text@len         cstackCOMMON 0073
UART_Tx_Char@data        cstackCOMMON 0070
UART_Tx_Text@Buffer      cstackCOMMON 0073
UART_Tx_Text@i           cstackCOMMON 0071
_CMCON                   (abs)        001F
_PORTA                   (abs)        0005
_PORTAbits               (abs)        0005
_PORTB                   (abs)        0006
_PORTBbits               (abs)        0006
_RCIF                    (abs)        0065
_RCREG                   (abs)        001A
_RCSTAbits               (abs)        0018
_SPBRG                   (abs)        0099
_TRISA                   (abs)        0085
_TRISB                   (abs)        0086
_TRISBbits               (abs)        0086
_TRMT                    (abs)        04C1
_TXREG                   (abs)        0019
_TXSTAbits               (abs)        0098
_UART_Init               text4        05FF
_UART_Rx_Char            text16       02D8
_UART_Rx_Ready           text17       02D2
_UART_Rx_Text            text15       03FB
_UART_Tx_Char            text14       02E0
_UART_Tx_Text            text13       02FE
__Habs1                  abs1         0000
__Hbank0                 bank0        0000
__Hbank1                 bank1        0000
__Hbank2                 bank2        0000
__Hbank3                 bank3        0000
__HbssBANK0              bssBANK0     0000
__Hcinit                 cinit        0800
__Hclrtext               clrtext      0000
__Hcode                  code         0000
__Hcommon                common       0000
__Hconfig                config       2008
__HcstackBANK0           cstackBANK0  0000
__HcstackCOMMON          cstackCOMMON 0000
__HdataBANK0             dataBANK0    0000
__Heeprom_data           eeprom_data  0000
__Hend_init              end_init     0002
__Hfunctab               functab      0000
__HidataBANK0            idataBANK0   0000
__Hidloc                 idloc        2004
__Hinit                  init         0000
__Hintentry              intentry     0000
__Hmaintext              maintext     0000
__Hpowerup               powerup      0000
__Hram                   ram          0000
__Hreset_vec             reset_vec    0000
__Hsfr0                  sfr0         0000
__Hsfr1                  sfr1         0000
__Hsfr2                  sfr2         0000
__Hsfr3                  sfr3         0000
__Hspace_0               (abs)        0800
__Hspace_1               (abs)        007E
__Hspace_2               (abs)        0000
__Hspace_3               (abs)        0000
__Hspace_4               (abs)        400F
__Hstack                 stack        0000
__Hstrings               strings      0000
__Htext                  text         0000
__Labs1                  abs1         0000
__Lbank0                 bank0        0000
__Lbank1                 bank1        0000
__Lbank2                 bank2        0000
__Lbank3                 bank3        0000
__LbssBANK0              bssBANK0     0000
__Lcinit                 cinit        07E6
__Lclrtext               clrtext      0000
__Lcode                  code         0000
__Lcommon                common       0000
__Lconfig                config       0000
__LcstackBANK0           cstackBANK0  0000
__LcstackCOMMON          cstackCOMMON 0000
__LdataBANK0             dataBANK0    0000
__Leeprom_data           eeprom_data  0000
__Lend_init              end_init     0000
__Lfunctab               functab      0000
__LidataBANK0            idataBANK0   0000
__Lidloc                 idloc        0000
__Linit                  init         0000
__Lintentry              intentry     0000
__Lmaintext              maintext     0000
__Lpowerup               powerup      0000
__Lram                   ram          0000
__Lreset_vec             reset_vec    0000
__Lsfr0                  sfr0         0000
__Lsfr1                  sfr1         0000
__Lsfr2                  sfr2         0000
__Lsfr3                  sfr3         0000
__Lspace_0               (abs)        0000
__Lspace_1               (abs)        0000
__Lspace_2               (abs)        0000
__Lspace_3               (abs)        0000
__Lspace_4               (abs)        0000
__Lstack                 stack        0000
__Lstrings               strings      0000
__Ltext                  text         0000
__S0                     (abs)        0800
__S1                     (abs)        007E
__S3                     (abs)        0000
___int_sp                stack        0000
___latbits               (abs)        0001
___lldiv                 text5        0599
___lldiv@counter         cstackCOMMON 007D
___lldiv@dividend        cstackCOMMON 0074
___lldiv@divisor         cstackCOMMON 0070
___lldiv@quotient        cstackCOMMON 0079
___sp                    stack        0000
___stackhi               (abs)        0000
___stacklo               (abs)        0000
___wmul                  text10       033D
___wmul@multiplicand     cstackCOMMON 0072
___wmul@multiplier       cstackCOMMON 0070
___wmul@product          cstackCOMMON 0074
__end_of_UART_Init       text4        06CA
__end_of_UART_Rx_Char    text16       02E0
__end_of_UART_Rx_Ready   text17       02D8
__end_of_UART_Rx_Text    text15       043A
__end_of_UART_Tx_Char    text14       02EC
__end_of_UART_Tx_Text    text13       031D
__end_of___lldiv         text5        05FF
__end_of___wmul          text10       0362
__end_of__initialization cinit        07FD
__end_of__stringtab      strings      0008
__end_of_atualizaUni     text2        0536
__end_of_autoHome        text11       04D7
__end_of_convStr         text8        0486
__end_of_defineValues    text7        03BD
__end_of_isdigit         text9        02FE
__end_of_main            maintext     0599
__end_of_memset          text6        033D
__end_of_setup           text3        0387
__end_of_stepBip         text12       07E6
__end_of_stepUni         text1        03FB
__end_ofstepBip@stepsA   strings      0018
__end_ofstepBip@stepsH   strings      0010
__initialization         cinit        07E6
__pbssBANK0              bssBANK0     0041
__pcstackBANK0           cstackBANK0  0020
__pcstackCOMMON          cstackCOMMON 0070
__pdataBANK0             dataBANK0    0048
__pidataBANK0            idataBANK0   02CE
__pmaintext              maintext     0536
__pstrings               strings      0002
__ptext1                 text1        03BD
__ptext10                text10       033D
__ptext11                text11       0486
__ptext12                text12       06CA
__ptext13                text13       02FE
__ptext14                text14       02E0
__ptext15                text15       03FB
__ptext16                text16       02D8
__ptext17                text17       02D2
__ptext2                 text2        04D7
__ptext3                 text3        0362
__ptext4                 text4        05FF
__ptext5                 text5        0599
__ptext6                 text6        031D
__ptext7                 text7        0387
__ptext8                 text8        043A
__ptext9                 text9        02EC
__stringbase             strings      0007
__stringtab              strings      0002
_atualizaUni             text2        04D7
_autoHome                text11       0486
_convStr                 text8        043A
_defineValues            text7        0387
_direction               bssBANK0     0042
_isdigit                 text9        02EC
_isdigit$796             cstackCOMMON 0070
_main                    maintext     0536
_memset                  text6        031D
_motor                   bssBANK0     0046
_setup                   text3        0362
_stepBip                 text12       06CA
_stepUni                 text1        03BD
_steps                   bssBANK0     0044
_stepsU                  dataBANK0    0048
atualizaUni@aux          cstackCOMMON 0072
atualizaUni@aux_205      cstackCOMMON 0073
atualizaUni@dir          cstackCOMMON 0070
atualizaUni@stp          cstackCOMMON 0074
btemp                    (abs)        007E
convStr@conv             cstackBANK0  0020
convStr@i                cstackBANK0  0022
convStr@len              cstackCOMMON 0076
convStr@vec              cstackBANK0  0023
defineValues@Buffer      cstackCOMMON 007C
defineValues@d           cstackBANK0  0026
defineValues@m           cstackBANK0  0024
defineValues@s           cstackBANK0  0025
end_of_initialization    cinit        07FD
intlevel0                functab      0000
intlevel1                functab      0000
intlevel2                functab      0000
intlevel3                functab      0000
intlevel4                functab      0000
intlevel5                functab      0000
isdigit@c                cstackCOMMON 0071
main@buff                cstackBANK0  0037
memset@c                 cstackCOMMON 0070
memset@n                 cstackCOMMON 0072
memset@p                 cstackCOMMON 0076
memset@p1                cstackCOMMON 0075
reset_vec                reset_vec    0000
start                    init         0000
start_initialization     cinit        07E6
stepBip@aux              cstackCOMMON 0076
stepBip@dir              cstackCOMMON 0071
stepBip@lastB            bssBANK0     0041
stepBip@motor            cstackCOMMON 0075
stepBip@n_steps          cstackCOMMON 0070
stepBip@stepsA           strings      0010
stepBip@stepsH           strings      0008
stepBip@total            cstackCOMMON 0074
stepUni@cont             cstackCOMMON 0078
stepUni@dir              cstackCOMMON 0077
wtemp0                   (abs)        007E


MODULE INFORMATION

Module		Function		Class		Link	Load	Size
motorBip.c
		_stepBip       		CODE           	06CA	0000	284

motorBip.c estimated size: 284

core.c
		_convStr       		CODE           	043A	0000	76
		_defineValues  		CODE           	0387	0000	54
		_autoHome      		CODE           	0486	0000	81

core.c estimated size: 211

uart.c
		_UART_Init     		CODE           	05FF	0000	203
		_UART_Rx_Char  		CODE           	02D8	0000	8
		_UART_Rx_Text  		CODE           	03FB	0000	63
		_UART_Rx_Ready 		CODE           	02D2	0000	6
		_UART_Tx_Char  		CODE           	02E0	0000	12
		_UART_Tx_Text  		CODE           	02FE	0000	31

uart.c estimated size: 323

motorUni.c
		_stepUni       		CODE           	03BD	0000	62
		_atualizaUni   		CODE           	04D7	0000	95

motorUni.c estimated size: 157

C:\Program Files\Microchip\xc8\v2.36\pic\sources\c90\common\Umul16.c
		___wmul        		CODE           	033D	0000	37

C:\Program Files\Microchip\xc8\v2.36\pic\sources\c90\common\Umul16.c estimated size: 37

C:\Program Files\Microchip\xc8\v2.36\pic\sources\c90\common\__lldiv.c
		___lldiv       		CODE           	0599	0000	102

C:\Program Files\Microchip\xc8\v2.36\pic\sources\c90\common\__lldiv.c estimated size: 102

shared
		__stringtab    		STRING         	0002	0000	6
		__initialization		CODE           	07E6	0000	23
		stepBip@stepsA 		STRING         	0010	0000	8
		stepBip@stepsH 		STRING         	0008	0000	8

shared estimated size: 45

C:\Program Files\Microchip\xc8\v2.36\pic\sources\c90\common\isdigit.c
		_isdigit       		CODE           	02EC	0000	18

C:\Program Files\Microchip\xc8\v2.36\pic\sources\c90\common\isdigit.c estimated size: 18

C:\Program Files\Microchip\xc8\v2.36\pic\sources\c90\common\memset.c
		_memset        		CODE           	031D	0000	32

C:\Program Files\Microchip\xc8\v2.36\pic\sources\c90\common\memset.c estimated size: 32

main.c
		_main          		CODE           	0536	0000	99
		_setup         		CODE           	0362	0000	37

main.c estimated size: 136

